2025-12-24 23:12:34,287 - __main__ - INFO - CSV logging initialized: nirog_scan_data_20251224_231234.csv
2025-12-24 23:12:34,288 - __main__ - INFO - Scanning for NirogScan devices...
2025-12-24 23:12:34,955 - __main__ - ERROR - Device scanning error: Thread is configured for Windows GUI but callbacks are not working.
2025-12-24 23:12:34,955 - __main__ - ERROR - Failed to connect to NirogScan device
2025-12-24 23:12:51,174 - __main__ - INFO - CSV logging initialized: nirog_scan_data_20251224_231251.csv
2025-12-24 23:12:51,175 - __main__ - INFO - Scanning for NirogScan devices...
2025-12-24 23:12:51,788 - __main__ - ERROR - Device scanning error: Thread is configured for Windows GUI but callbacks are not working.
2025-12-24 23:12:51,788 - __main__ - ERROR - Failed to connect to NirogScan device
2025-12-24 23:13:19,781 - __main__ - INFO - CSV logging initialized: nirog_scan_data_20251224_231319.csv
2025-12-24 23:13:19,785 - __main__ - INFO - Scanning for NirogScan devices...
2025-12-24 23:13:20,462 - __main__ - ERROR - Device scanning error: Thread is configured for Windows GUI but callbacks are not working.
2025-12-24 23:13:20,463 - __main__ - ERROR - Failed to connect to NirogScan device
2025-12-24 23:15:32,720 - __main__ - INFO - CSV logging initialized: nirog_scan_data_20251224_231532.csv
2025-12-24 23:15:32,721 - __main__ - INFO - Scanning for NirogScan devices...
2025-12-24 23:15:42,933 - __main__ - INFO - Found NirogScan device: 9C:13:9E:BB:59:42 - NirogScan
2025-12-24 23:15:42,960 - __main__ - INFO - Connecting to 9C:13:9E:BB:59:42...
2025-12-24 23:15:44,835 - __main__ - INFO - Connected successfully
2025-12-24 23:15:44,836 - __main__ - WARNING - Could not list services: 'BleakClient' object has no attribute 'get_services'
2025-12-24 23:15:44,840 - __main__ - ERROR - Failed to enable notifications: Could not start notify on 0029: Protocol Error 0x03: Write Not Permitted
2025-12-24 23:15:44,840 - __main__ - ERROR - Failed to connect to NirogScan device
